[     209ms] [WARNING] [Vue warn]: Unhandled error during execution of render function 
  at <ElCard shadow="hover" class="recipe-card" onClick=fn<onClick> > 
  at <ElCol key=undefined xs=24 sm=12  ... > 
  at <ElRow key=2 gutter=20 class="recipe-grid" > 
  at <RecipeLibrary onVnodeUnmounted=fn<onVnodeUnmounted> ref=Ref< Proxy(Object) > > 
  at <RouterView> 
  at <ElMain class="layout-content" > 
  at <ElContainer class="layout-main" > 
  at <ElContainer class="layout-container" > 
  at <Layout onVnodeUnmounted=fn<onVnodeUnmounted> ref=Ref< Proxy(Object) > > 
  at <RouterView> 
  at <App> @ http://localhost:3000/node_modules/.vite/deps/chunk-R4IPVHRQ.js?v=05a7be5c:2224
[     210ms] [WARNING] [Vue warn]: Unhandled error during execution of component update 
  at <RecipeLibrary onVnodeUnmounted=fn<onVnodeUnmounted> ref=Ref< Proxy(Object) > > 
  at <RouterView> 
  at <ElMain class="layout-content" > 
  at <ElContainer class="layout-main" > 
  at <ElContainer class="layout-container" > 
  at <Layout onVnodeUnmounted=fn<onVnodeUnmounted> ref=Ref< Proxy(Object) > > 
  at <RouterView> 
  at <App> @ http://localhost:3000/node_modules/.vite/deps/chunk-R4IPVHRQ.js?v=05a7be5c:2224
[     223ms] TypeError: Cannot read properties of undefined (reading 'slice')
    at http://localhost:3000/src/views/RecipeLibrary.vue?t=1780038771964:311:109
    at renderFnWithContext (http://localhost:3000/node_modules/.vite/deps/chunk-R4IPVHRQ.js?v=05a7be5c:2883:13)
    at renderSlot (http://localhost:3000/node_modules/.vite/deps/chunk-R4IPVHRQ.js?v=05a7be5c:5455:53)
    at Proxy.<anonymous> (http://localhost:3000/node_modules/.vite/deps/element-plus.js?v=2d3f02b4:26590:13)
    at renderComponentRoot (http://localhost:3000/node_modules/.vite/deps/chunk-R4IPVHRQ.js?v=05a7be5c:6743:17)
    at ReactiveEffect.componentUpdateFn [as fn] (http://localhost:3000/node_modules/.vite/deps/chunk-R4IPVHRQ.js?v=05a7be5c:8316:46)
    at ReactiveEffect.run (http://localhost:3000/node_modules/.vite/deps/chunk-R4IPVHRQ.js?v=05a7be5c:528:19)
    at setupRenderEffect (http://localhost:3000/node_modules/.vite/deps/chunk-R4IPVHRQ.js?v=05a7be5c:8451:5)
    at mountComponent (http://localhost:3000/node_modules/.vite/deps/chunk-R4IPVHRQ.js?v=05a7be5c:8223:7)
    at processComponent (http://localhost:3000/node_modules/.vite/deps/chunk-R4IPVHRQ.js?v=05a7be5c:8175:9)
[   65673ms] [WARNING] [Vue warn]: Unhandled error during execution of component update 
  at <RouterView> 
  at <ElMain class="layout-content" > 
  at <ElContainer class="layout-main" > 
  at <ElContainer class="layout-container" > 
  at <Layout onVnodeUnmounted=fn<onVnodeUnmounted> ref=Ref< Proxy(Object) > > 
  at <RouterView> 
  at <App> @ http://localhost:3000/node_modules/.vite/deps/chunk-R4IPVHRQ.js?v=05a7be5c:2224
[   65681ms] TypeError: Cannot destructure property 'type' of 'vnode' as it is null.
    at unmount (http://localhost:3000/node_modules/.vite/deps/chunk-R4IPVHRQ.js?v=05a7be5c:8825:7)
    at unmountComponent (http://localhost:3000/node_modules/.vite/deps/chunk-R4IPVHRQ.js?v=05a7be5c:8967:7)
    at unmount (http://localhost:3000/node_modules/.vite/deps/chunk-R4IPVHRQ.js?v=05a7be5c:8858:7)
    at unmountChildren (http://localhost:3000/node_modules/.vite/deps/chunk-R4IPVHRQ.js?v=05a7be5c:8981:7)
    at unmount (http://localhost:3000/node_modules/.vite/deps/chunk-R4IPVHRQ.js?v=05a7be5c:8890:9)
    at unmountChildren (http://localhost:3000/node_modules/.vite/deps/chunk-R4IPVHRQ.js?v=05a7be5c:8981:7)
    at unmount (http://localhost:3000/node_modules/.vite/deps/chunk-R4IPVHRQ.js?v=05a7be5c:8882:9)
    at unmountComponent (http://localhost:3000/node_modules/.vite/deps/chunk-R4IPVHRQ.js?v=05a7be5c:8967:7)
    at unmount (http://localhost:3000/node_modules/.vite/deps/chunk-R4IPVHRQ.js?v=05a7be5c:8858:7)
    at unmountChildren (http://localhost:3000/node_modules/.vite/deps/chunk-R4IPVHRQ.js?v=05a7be5c:8981:7)
[   90974ms] [WARNING] [Vue warn]: Unhandled error during execution of component update 
  at <RouterView> 
  at <ElMain class="layout-content" > 
  at <ElContainer class="layout-main" > 
  at <ElContainer class="layout-container" > 
  at <Layout onVnodeUnmounted=fn<onVnodeUnmounted> ref=Ref< Proxy(Object) > > 
  at <RouterView> 
  at <App> @ http://localhost:3000/node_modules/.vite/deps/chunk-R4IPVHRQ.js?v=05a7be5c:2224
[   90980ms] TypeError: Cannot read properties of null (reading 'parentNode')
    at parentNode (http://localhost:3000/node_modules/.vite/deps/chunk-R4IPVHRQ.js?v=05a7be5c:10888:30)
    at ReactiveEffect.componentUpdateFn [as fn] (http://localhost:3000/node_modules/.vite/deps/chunk-R4IPVHRQ.js?v=05a7be5c:8407:11)
    at ReactiveEffect.run (http://localhost:3000/node_modules/.vite/deps/chunk-R4IPVHRQ.js?v=05a7be5c:528:19)
    at ReactiveEffect.runIfDirty (http://localhost:3000/node_modules/.vite/deps/chunk-R4IPVHRQ.js?v=05a7be5c:566:12)
    at callWithErrorHandling (http://localhost:3000/node_modules/.vite/deps/chunk-R4IPVHRQ.js?v=05a7be5c:2372:33)
    at flushJobs (http://localhost:3000/node_modules/.vite/deps/chunk-R4IPVHRQ.js?v=05a7be5c:2580:9)
[   92339ms] [WARNING] [Vue warn]: Unhandled error during execution of component update 
  at <RouterView> 
  at <ElMain class="layout-content" > 
  at <ElContainer class="layout-main" > 
  at <ElContainer class="layout-container" > 
  at <Layout onVnodeUnmounted=fn<onVnodeUnmounted> ref=Ref< Proxy(Object) > > 
  at <RouterView> 
  at <App> @ http://localhost:3000/node_modules/.vite/deps/chunk-R4IPVHRQ.js?v=05a7be5c:2224
[   92343ms] TypeError: Cannot read properties of null (reading 'parentNode')
    at parentNode (http://localhost:3000/node_modules/.vite/deps/chunk-R4IPVHRQ.js?v=05a7be5c:10888:30)
    at ReactiveEffect.componentUpdateFn [as fn] (http://localhost:3000/node_modules/.vite/deps/chunk-R4IPVHRQ.js?v=05a7be5c:8407:11)
    at ReactiveEffect.run (http://localhost:3000/node_modules/.vite/deps/chunk-R4IPVHRQ.js?v=05a7be5c:528:19)
    at ReactiveEffect.runIfDirty (http://localhost:3000/node_modules/.vite/deps/chunk-R4IPVHRQ.js?v=05a7be5c:566:12)
    at callWithErrorHandling (http://localhost:3000/node_modules/.vite/deps/chunk-R4IPVHRQ.js?v=05a7be5c:2372:33)
    at flushJobs (http://localhost:3000/node_modules/.vite/deps/chunk-R4IPVHRQ.js?v=05a7be5c:2580:9)
[   93038ms] [WARNING] [Vue warn]: Unhandled error during execution of component update 
  at <RouterView> 
  at <ElMain class="layout-content" > 
  at <ElContainer class="layout-main" > 
  at <ElContainer class="layout-container" > 
  at <Layout onVnodeUnmounted=fn<onVnodeUnmounted> ref=Ref< Proxy(Object) > > 
  at <RouterView> 
  at <App> @ http://localhost:3000/node_modules/.vite/deps/chunk-R4IPVHRQ.js?v=05a7be5c:2224
[   93041ms] TypeError: Cannot read properties of null (reading 'parentNode')
    at parentNode (http://localhost:3000/node_modules/.vite/deps/chunk-R4IPVHRQ.js?v=05a7be5c:10888:30)
    at ReactiveEffect.componentUpdateFn [as fn] (http://localhost:3000/node_modules/.vite/deps/chunk-R4IPVHRQ.js?v=05a7be5c:8407:11)
    at ReactiveEffect.run (http://localhost:3000/node_modules/.vite/deps/chunk-R4IPVHRQ.js?v=05a7be5c:528:19)
    at ReactiveEffect.runIfDirty (http://localhost:3000/node_modules/.vite/deps/chunk-R4IPVHRQ.js?v=05a7be5c:566:12)
    at callWithErrorHandling (http://localhost:3000/node_modules/.vite/deps/chunk-R4IPVHRQ.js?v=05a7be5c:2372:33)
    at flushJobs (http://localhost:3000/node_modules/.vite/deps/chunk-R4IPVHRQ.js?v=05a7be5c:2580:9)
[   93357ms] [WARNING] [Vue warn]: Unhandled error during execution of component update 
  at <RouterView> 
  at <ElMain class="layout-content" > 
  at <ElContainer class="layout-main" > 
  at <ElContainer class="layout-container" > 
  at <Layout onVnodeUnmounted=fn<onVnodeUnmounted> ref=Ref< Proxy(Object) > > 
  at <RouterView> 
  at <App> @ http://localhost:3000/node_modules/.vite/deps/chunk-R4IPVHRQ.js?v=05a7be5c:2224
[   93362ms] TypeError: Cannot read properties of null (reading 'parentNode')
    at parentNode (http://localhost:3000/node_modules/.vite/deps/chunk-R4IPVHRQ.js?v=05a7be5c:10888:30)
    at ReactiveEffect.componentUpdateFn [as fn] (http://localhost:3000/node_modules/.vite/deps/chunk-R4IPVHRQ.js?v=05a7be5c:8407:11)
    at ReactiveEffect.run (http://localhost:3000/node_modules/.vite/deps/chunk-R4IPVHRQ.js?v=05a7be5c:528:19)
    at ReactiveEffect.runIfDirty (http://localhost:3000/node_modules/.vite/deps/chunk-R4IPVHRQ.js?v=05a7be5c:566:12)
    at callWithErrorHandling (http://localhost:3000/node_modules/.vite/deps/chunk-R4IPVHRQ.js?v=05a7be5c:2372:33)
    at flushJobs (http://localhost:3000/node_modules/.vite/deps/chunk-R4IPVHRQ.js?v=05a7be5c:2580:9)
[   93740ms] [WARNING] [Vue warn]: Unhandled error during execution of component update 
  at <RouterView> 
  at <ElMain class="layout-content" > 
  at <ElContainer class="layout-main" > 
  at <ElContainer class="layout-container" > 
  at <Layout onVnodeUnmounted=fn<onVnodeUnmounted> ref=Ref< Proxy(Object) > > 
  at <RouterView> 
  at <App> @ http://localhost:3000/node_modules/.vite/deps/chunk-R4IPVHRQ.js?v=05a7be5c:2224
[   93743ms] TypeError: Cannot read properties of null (reading 'parentNode')
    at parentNode (http://localhost:3000/node_modules/.vite/deps/chunk-R4IPVHRQ.js?v=05a7be5c:10888:30)
    at ReactiveEffect.componentUpdateFn [as fn] (http://localhost:3000/node_modules/.vite/deps/chunk-R4IPVHRQ.js?v=05a7be5c:8407:11)
    at ReactiveEffect.run (http://localhost:3000/node_modules/.vite/deps/chunk-R4IPVHRQ.js?v=05a7be5c:528:19)
    at ReactiveEffect.runIfDirty (http://localhost:3000/node_modules/.vite/deps/chunk-R4IPVHRQ.js?v=05a7be5c:566:12)
    at callWithErrorHandling (http://localhost:3000/node_modules/.vite/deps/chunk-R4IPVHRQ.js?v=05a7be5c:2372:33)
    at flushJobs (http://localhost:3000/node_modules/.vite/deps/chunk-R4IPVHRQ.js?v=05a7be5c:2580:9)
[   94425ms] [WARNING] [Vue warn]: Unhandled error during execution of component update 
  at <RouterView> 
  at <ElMain class="layout-content" > 
  at <ElContainer class="layout-main" > 
  at <ElContainer class="layout-container" > 
  at <Layout onVnodeUnmounted=fn<onVnodeUnmounted> ref=Ref< Proxy(Object) > > 
  at <RouterView> 
  at <App> @ http://localhost:3000/node_modules/.vite/deps/chunk-R4IPVHRQ.js?v=05a7be5c:2224
[   94429ms] TypeError: Cannot read properties of null (reading 'parentNode')
    at parentNode (http://localhost:3000/node_modules/.vite/deps/chunk-R4IPVHRQ.js?v=05a7be5c:10888:30)
    at ReactiveEffect.componentUpdateFn [as fn] (http://localhost:3000/node_modules/.vite/deps/chunk-R4IPVHRQ.js?v=05a7be5c:8407:11)
    at ReactiveEffect.run (http://localhost:3000/node_modules/.vite/deps/chunk-R4IPVHRQ.js?v=05a7be5c:528:19)
    at ReactiveEffect.runIfDirty (http://localhost:3000/node_modules/.vite/deps/chunk-R4IPVHRQ.js?v=05a7be5c:566:12)
    at callWithErrorHandling (http://localhost:3000/node_modules/.vite/deps/chunk-R4IPVHRQ.js?v=05a7be5c:2372:33)
    at flushJobs (http://localhost:3000/node_modules/.vite/deps/chunk-R4IPVHRQ.js?v=05a7be5c:2580:9)
[   97662ms] TypeError: Cannot set properties of null (setting 'checked')
    at ComputedRefImpl.set [as setter] (http://localhost:3000/node_modules/.vite/deps/element-plus.js?v=2d3f02b4:29876:30)
    at set value (http://localhost:3000/node_modules/.vite/deps/chunk-R4IPVHRQ.js?v=05a7be5c:1945:12)
    at createBaseVNode.onUpdate:modelValue._cache.<computed>._cache.<computed> (http://localhost:3000/node_modules/.vite/deps/element-plus.js?v=2d3f02b4:29998:107)
    at HTMLInputElement.<anonymous> (http://localhost:3000/node_modules/.vite/deps/chunk-R4IPVHRQ.js?v=05a7be5c:12491:20)
[   98787ms] TypeError: Cannot set properties of null (setting 'checked')
    at ComputedRefImpl.set [as setter] (http://localhost:3000/node_modules/.vite/deps/element-plus.js?v=2d3f02b4:29876:30)
    at set value (http://localhost:3000/node_modules/.vite/deps/chunk-R4IPVHRQ.js?v=05a7be5c:1945:12)
    at createBaseVNode.onUpdate:modelValue._cache.<computed>._cache.<computed> (http://localhost:3000/node_modules/.vite/deps/element-plus.js?v=2d3f02b4:29998:107)
    at HTMLInputElement.<anonymous> (http://localhost:3000/node_modules/.vite/deps/chunk-R4IPVHRQ.js?v=05a7be5c:12491:20)
[  107598ms] [WARNING] [Vue warn]: Unhandled error during execution of component update 
  at <RouterView> 
  at <ElMain class="layout-content" > 
  at <ElContainer class="layout-main" > 
  at <ElContainer class="layout-container" > 
  at <Layout onVnodeUnmounted=fn<onVnodeUnmounted> ref=Ref< Proxy(Object) > > 
  at <RouterView> 
  at <App> @ http://localhost:3000/node_modules/.vite/deps/chunk-R4IPVHRQ.js?v=05a7be5c:2224
[  107604ms] TypeError: Cannot read properties of null (reading 'parentNode')
    at parentNode (http://localhost:3000/node_modules/.vite/deps/chunk-R4IPVHRQ.js?v=05a7be5c:10888:30)
    at ReactiveEffect.componentUpdateFn [as fn] (http://localhost:3000/node_modules/.vite/deps/chunk-R4IPVHRQ.js?v=05a7be5c:8407:11)
    at ReactiveEffect.run (http://localhost:3000/node_modules/.vite/deps/chunk-R4IPVHRQ.js?v=05a7be5c:528:19)
    at ReactiveEffect.runIfDirty (http://localhost:3000/node_modules/.vite/deps/chunk-R4IPVHRQ.js?v=05a7be5c:566:12)
    at callWithErrorHandling (http://localhost:3000/node_modules/.vite/deps/chunk-R4IPVHRQ.js?v=05a7be5c:2372:33)
    at flushJobs (http://localhost:3000/node_modules/.vite/deps/chunk-R4IPVHRQ.js?v=05a7be5c:2580:9)
[  108457ms] [WARNING] [Vue warn]: Unhandled error during execution of component update 
  at <RouterView> 
  at <ElMain class="layout-content" > 
  at <ElContainer class="layout-main" > 
  at <ElContainer class="layout-container" > 
  at <Layout onVnodeUnmounted=fn<onVnodeUnmounted> ref=Ref< Proxy(Object) > > 
  at <RouterView> 
  at <App> @ http://localhost:3000/node_modules/.vite/deps/chunk-R4IPVHRQ.js?v=05a7be5c:2224
[  108461ms] TypeError: Cannot read properties of null (reading 'parentNode')
    at parentNode (http://localhost:3000/node_modules/.vite/deps/chunk-R4IPVHRQ.js?v=05a7be5c:10888:30)
    at ReactiveEffect.componentUpdateFn [as fn] (http://localhost:3000/node_modules/.vite/deps/chunk-R4IPVHRQ.js?v=05a7be5c:8407:11)
    at ReactiveEffect.run (http://localhost:3000/node_modules/.vite/deps/chunk-R4IPVHRQ.js?v=05a7be5c:528:19)
    at ReactiveEffect.runIfDirty (http://localhost:3000/node_modules/.vite/deps/chunk-R4IPVHRQ.js?v=05a7be5c:566:12)
    at callWithErrorHandling (http://localhost:3000/node_modules/.vite/deps/chunk-R4IPVHRQ.js?v=05a7be5c:2372:33)
    at flushJobs (http://localhost:3000/node_modules/.vite/deps/chunk-R4IPVHRQ.js?v=05a7be5c:2580:9)
[  187628ms] [WARNING] [Vue warn]: Unhandled error during execution of scheduler flush 
  at <RouterView> 
  at <App> @ http://localhost:3000/node_modules/.vite/deps/chunk-R4IPVHRQ.js?v=05a7be5c:2224
[  187639ms] TypeError: Cannot read properties of null (reading 'exposed')
    at getComponentPublicInstance (http://localhost:3000/node_modules/.vite/deps/chunk-R4IPVHRQ.js?v=05a7be5c:10538:16)
    at setRef (http://localhost:3000/node_modules/.vite/deps/chunk-R4IPVHRQ.js?v=05a7be5c:3935:42)
    at unmount (http://localhost:3000/node_modules/.vite/deps/chunk-R4IPVHRQ.js?v=05a7be5c:8841:7)
    at unmountComponent (http://localhost:3000/node_modules/.vite/deps/chunk-R4IPVHRQ.js?v=05a7be5c:8967:7)
    at unmount (http://localhost:3000/node_modules/.vite/deps/chunk-R4IPVHRQ.js?v=05a7be5c:8858:7)
    at unmountChildren (http://localhost:3000/node_modules/.vite/deps/chunk-R4IPVHRQ.js?v=05a7be5c:8981:7)
    at unmount (http://localhost:3000/node_modules/.vite/deps/chunk-R4IPVHRQ.js?v=05a7be5c:8882:9)
    at unmountChildren (http://localhost:3000/node_modules/.vite/deps/chunk-R4IPVHRQ.js?v=05a7be5c:8981:7)
    at unmount (http://localhost:3000/node_modules/.vite/deps/chunk-R4IPVHRQ.js?v=05a7be5c:8882:9)
    at unmountComponent (http://localhost:3000/node_modules/.vite/deps/chunk-R4IPVHRQ.js?v=05a7be5c:8967:7)
[  189963ms] [WARNING] [Vue warn]: Unhandled error during execution of component update 
  at <ElCard shadow="never" class="table-card" > 
  at <Inventory onVnodeUnmounted=fn<onVnodeUnmounted> ref=Ref< Proxy(Object) > > 
  at <RouterView> 
  at <ElMain class="layout-content" > 
  at <ElContainer class="layout-main" > 
  at <ElContainer class="layout-container" > 
  at <Layout onVnodeUnmounted=fn<onVnodeUnmounted> ref=Ref< Proxy(Object) > > 
  at <RouterView> 
  at <App> @ http://localhost:3000/node_modules/.vite/deps/chunk-R4IPVHRQ.js?v=9ce16c78:2224
[  189965ms] TypeError: allFoods.value is not iterable
    at ComputedRefImpl.fn (http://localhost:3000/src/views/Inventory.vue?t=1780038668258:44:29)
    at refreshComputed (http://localhost:3000/node_modules/.vite/deps/chunk-R4IPVHRQ.js?v=9ce16c78:682:29)
    at isDirty (http://localhost:3000/node_modules/.vite/deps/chunk-R4IPVHRQ.js?v=9ce16c78:653:68)
    at ReactiveEffect.runIfDirty (http://localhost:3000/node_modules/.vite/deps/chunk-R4IPVHRQ.js?v=9ce16c78:565:9)
    at callWithErrorHandling (http://localhost:3000/node_modules/.vite/deps/chunk-R4IPVHRQ.js?v=9ce16c78:2372:33)
    at flushJobs (http://localhost:3000/node_modules/.vite/deps/chunk-R4IPVHRQ.js?v=9ce16c78:2580:9)
[  190540ms] [ERROR] Failed to load resource: the server responded with a status of 500 (Internal Server Error) @ http://localhost:3000/api/v1/statistics/nutrition-daily:0
[  190558ms] [WARNING] [ECharts] The ticks may be not readable when set min: 0, max: 3300 and alignTicks: true @ http://localhost:3000/node_modules/.vite/deps/chunk-P3HASGYV.js?v=9ce16c78:258
[  190558ms] [WARNING] [ECharts] The ticks may be not readable when set min: 0, max: 97.5 and alignTicks: true @ http://localhost:3000/node_modules/.vite/deps/chunk-P3HASGYV.js?v=9ce16c78:258
[  190558ms] [WARNING] [ECharts] The ticks may be not readable when set min: 0, max: 390 and alignTicks: true @ http://localhost:3000/node_modules/.vite/deps/chunk-P3HASGYV.js?v=9ce16c78:258
[  190558ms] [WARNING] [ECharts] The ticks may be not readable when set min: 0, max: 45 and alignTicks: true @ http://localhost:3000/node_modules/.vite/deps/chunk-P3HASGYV.js?v=9ce16c78:258
[  190559ms] [WARNING] [ECharts] The ticks may be not readable when set min: 0, max: 54 and alignTicks: true @ http://localhost:3000/node_modules/.vite/deps/chunk-P3HASGYV.js?v=9ce16c78:258
[  191017ms] [WARNING] [Vue warn]: Unhandled error during execution of render function 
  at <ElCard shadow="hover" class="recipe-card" onClick=fn<onClick> > 
  at <ElCol key=undefined xs=24 sm=12  ... > 
  at <ElRow key=2 gutter=20 class="recipe-grid" > 
  at <RecipeLibrary onVnodeUnmounted=fn<onVnodeUnmounted> ref=Ref< Proxy(Object) > > 
  at <RouterView> 
  at <ElMain class="layout-content" > 
  at <ElContainer class="layout-main" > 
  at <ElContainer class="layout-container" > 
  at <Layout onVnodeUnmounted=fn<onVnodeUnmounted> ref=Ref< Proxy(Object) > > 
  at <RouterView> 
  at <App> @ http://localhost:3000/node_modules/.vite/deps/chunk-R4IPVHRQ.js?v=9ce16c78:2224
[  191017ms] [WARNING] [Vue warn]: Unhandled error during execution of component update 
  at <RecipeLibrary onVnodeUnmounted=fn<onVnodeUnmounted> ref=Ref< Proxy(Object) > > 
  at <RouterView> 
  at <ElMain class="layout-content" > 
  at <ElContainer class="layout-main" > 
  at <ElContainer class="layout-container" > 
  at <Layout onVnodeUnmounted=fn<onVnodeUnmounted> ref=Ref< Proxy(Object) > > 
  at <RouterView> 
  at <App> @ http://localhost:3000/node_modules/.vite/deps/chunk-R4IPVHRQ.js?v=9ce16c78:2224
[  191021ms] TypeError: Cannot read properties of undefined (reading 'slice')
    at http://localhost:3000/src/views/RecipeLibrary.vue?t=1780039178528:353:109
    at renderFnWithContext (http://localhost:3000/node_modules/.vite/deps/chunk-R4IPVHRQ.js?v=9ce16c78:2883:13)
    at renderSlot (http://localhost:3000/node_modules/.vite/deps/chunk-R4IPVHRQ.js?v=9ce16c78:5455:53)
    at Proxy.<anonymous> (http://localhost:3000/node_modules/.vite/deps/element-plus.js?v=9ce16c78:26590:13)
    at renderComponentRoot (http://localhost:3000/node_modules/.vite/deps/chunk-R4IPVHRQ.js?v=9ce16c78:6743:17)
    at ReactiveEffect.componentUpdateFn [as fn] (http://localhost:3000/node_modules/.vite/deps/chunk-R4IPVHRQ.js?v=9ce16c78:8316:46)
    at ReactiveEffect.run (http://localhost:3000/node_modules/.vite/deps/chunk-R4IPVHRQ.js?v=9ce16c78:528:19)
    at setupRenderEffect (http://localhost:3000/node_modules/.vite/deps/chunk-R4IPVHRQ.js?v=9ce16c78:8451:5)
    at mountComponent (http://localhost:3000/node_modules/.vite/deps/chunk-R4IPVHRQ.js?v=9ce16c78:8223:7)
    at processComponent (http://localhost:3000/node_modules/.vite/deps/chunk-R4IPVHRQ.js?v=9ce16c78:8175:9)
[  191409ms] [WARNING] [Vue warn]: Unhandled error during execution of component update 
  at <RouterView> 
  at <ElMain class="layout-content" > 
  at <ElContainer class="layout-main" > 
  at <ElContainer class="layout-container" > 
  at <Layout onVnodeUnmounted=fn<onVnodeUnmounted> ref=Ref< Proxy(Object) > > 
  at <RouterView> 
  at <App> @ http://localhost:3000/node_modules/.vite/deps/chunk-R4IPVHRQ.js?v=9ce16c78:2224
[  191416ms] TypeError: Cannot destructure property 'type' of 'vnode' as it is null.
    at unmount (http://localhost:3000/node_modules/.vite/deps/chunk-R4IPVHRQ.js?v=9ce16c78:8825:7)
    at unmountComponent (http://localhost:3000/node_modules/.vite/deps/chunk-R4IPVHRQ.js?v=9ce16c78:8967:7)
    at unmount (http://localhost:3000/node_modules/.vite/deps/chunk-R4IPVHRQ.js?v=9ce16c78:8858:7)
    at unmountChildren (http://localhost:3000/node_modules/.vite/deps/chunk-R4IPVHRQ.js?v=9ce16c78:8981:7)
    at unmount (http://localhost:3000/node_modules/.vite/deps/chunk-R4IPVHRQ.js?v=9ce16c78:8890:9)
    at unmountChildren (http://localhost:3000/node_modules/.vite/deps/chunk-R4IPVHRQ.js?v=9ce16c78:8981:7)
    at unmount (http://localhost:3000/node_modules/.vite/deps/chunk-R4IPVHRQ.js?v=9ce16c78:8882:9)
    at unmountComponent (http://localhost:3000/node_modules/.vite/deps/chunk-R4IPVHRQ.js?v=9ce16c78:8967:7)
    at unmount (http://localhost:3000/node_modules/.vite/deps/chunk-R4IPVHRQ.js?v=9ce16c78:8858:7)
    at unmountChildren (http://localhost:3000/node_modules/.vite/deps/chunk-R4IPVHRQ.js?v=9ce16c78:8981:7)
[  191720ms] [WARNING] [Vue warn]: Unhandled error during execution of component update 
  at <RouterView> 
  at <ElMain class="layout-content" > 
  at <ElContainer class="layout-main" > 
  at <ElContainer class="layout-container" > 
  at <Layout onVnodeUnmounted=fn<onVnodeUnmounted> ref=Ref< Proxy(Object) > > 
  at <RouterView> 
  at <App> @ http://localhost:3000/node_modules/.vite/deps/chunk-R4IPVHRQ.js?v=9ce16c78:2224
[  191733ms] TypeError: Cannot read properties of null (reading 'parentNode')
    at parentNode (http://localhost:3000/node_modules/.vite/deps/chunk-R4IPVHRQ.js?v=9ce16c78:10888:30)
    at ReactiveEffect.componentUpdateFn [as fn] (http://localhost:3000/node_modules/.vite/deps/chunk-R4IPVHRQ.js?v=9ce16c78:8407:11)
    at ReactiveEffect.run (http://localhost:3000/node_modules/.vite/deps/chunk-R4IPVHRQ.js?v=9ce16c78:528:19)
    at ReactiveEffect.runIfDirty (http://localhost:3000/node_modules/.vite/deps/chunk-R4IPVHRQ.js?v=9ce16c78:566:12)
    at callWithErrorHandling (http://localhost:3000/node_modules/.vite/deps/chunk-R4IPVHRQ.js?v=9ce16c78:2372:33)
    at flushJobs (http://localhost:3000/node_modules/.vite/deps/chunk-R4IPVHRQ.js?v=9ce16c78:2580:9)
[  192149ms] [WARNING] [Vue warn]: Unhandled error during execution of component update 
  at <RouterView> 
  at <ElMain class="layout-content" > 
  at <ElContainer class="layout-main" > 
  at <ElContainer class="layout-container" > 
  at <Layout onVnodeUnmounted=fn<onVnodeUnmounted> ref=Ref< Proxy(Object) > > 
  at <RouterView> 
  at <App> @ http://localhost:3000/node_modules/.vite/deps/chunk-R4IPVHRQ.js?v=9ce16c78:2224
[  192165ms] TypeError: Cannot read properties of null (reading 'parentNode')
    at parentNode (http://localhost:3000/node_modules/.vite/deps/chunk-R4IPVHRQ.js?v=9ce16c78:10888:30)
    at ReactiveEffect.componentUpdateFn [as fn] (http://localhost:3000/node_modules/.vite/deps/chunk-R4IPVHRQ.js?v=9ce16c78:8407:11)
    at ReactiveEffect.run (http://localhost:3000/node_modules/.vite/deps/chunk-R4IPVHRQ.js?v=9ce16c78:528:19)
    at ReactiveEffect.runIfDirty (http://localhost:3000/node_modules/.vite/deps/chunk-R4IPVHRQ.js?v=9ce16c78:566:12)
    at callWithErrorHandling (http://localhost:3000/node_modules/.vite/deps/chunk-R4IPVHRQ.js?v=9ce16c78:2372:33)
    at flushJobs (http://localhost:3000/node_modules/.vite/deps/chunk-R4IPVHRQ.js?v=9ce16c78:2580:9)
[  193436ms] [WARNING] [Vue warn]: Unhandled error during execution of component update 
  at <RouterView> 
  at <ElMain class="layout-content" > 
  at <ElContainer class="layout-main" > 
  at <ElContainer class="layout-container" > 
  at <Layout onVnodeUnmounted=fn<onVnodeUnmounted> ref=Ref< Proxy(Object) > > 
  at <RouterView> 
  at <App> @ http://localhost:3000/node_modules/.vite/deps/chunk-R4IPVHRQ.js?v=9ce16c78:2224
[  193446ms] TypeError: Cannot read properties of null (reading 'parentNode')
    at parentNode (http://localhost:3000/node_modules/.vite/deps/chunk-R4IPVHRQ.js?v=9ce16c78:10888:30)
    at ReactiveEffect.componentUpdateFn [as fn] (http://localhost:3000/node_modules/.vite/deps/chunk-R4IPVHRQ.js?v=9ce16c78:8407:11)
    at ReactiveEffect.run (http://localhost:3000/node_modules/.vite/deps/chunk-R4IPVHRQ.js?v=9ce16c78:528:19)
    at ReactiveEffect.runIfDirty (http://localhost:3000/node_modules/.vite/deps/chunk-R4IPVHRQ.js?v=9ce16c78:566:12)
    at callWithErrorHandling (http://localhost:3000/node_modules/.vite/deps/chunk-R4IPVHRQ.js?v=9ce16c78:2372:33)
    at flushJobs (http://localhost:3000/node_modules/.vite/deps/chunk-R4IPVHRQ.js?v=9ce16c78:2580:9)
[  193944ms] [WARNING] [Vue warn]: Unhandled error during execution of component update 
  at <RouterView> 
  at <ElMain class="layout-content" > 
  at <ElContainer class="layout-main" > 
  at <ElContainer class="layout-container" > 
  at <Layout onVnodeUnmounted=fn<onVnodeUnmounted> ref=Ref< Proxy(Object) > > 
  at <RouterView> 
  at <App> @ http://localhost:3000/node_modules/.vite/deps/chunk-R4IPVHRQ.js?v=9ce16c78:2224
[  193948ms] TypeError: Cannot read properties of null (reading 'parentNode')
    at parentNode (http://localhost:3000/node_modules/.vite/deps/chunk-R4IPVHRQ.js?v=9ce16c78:10888:30)
    at ReactiveEffect.componentUpdateFn [as fn] (http://localhost:3000/node_modules/.vite/deps/chunk-R4IPVHRQ.js?v=9ce16c78:8407:11)
    at ReactiveEffect.run (http://localhost:3000/node_modules/.vite/deps/chunk-R4IPVHRQ.js?v=9ce16c78:528:19)
    at ReactiveEffect.runIfDirty (http://localhost:3000/node_modules/.vite/deps/chunk-R4IPVHRQ.js?v=9ce16c78:566:12)
    at callWithErrorHandling (http://localhost:3000/node_modules/.vite/deps/chunk-R4IPVHRQ.js?v=9ce16c78:2372:33)
    at flushJobs (http://localhost:3000/node_modules/.vite/deps/chunk-R4IPVHRQ.js?v=9ce16c78:2580:9)
[  194420ms] [WARNING] [Vue warn]: Unhandled error during execution of component update 
  at <RouterView> 
  at <ElMain class="layout-content" > 
  at <ElContainer class="layout-main" > 
  at <ElContainer class="layout-container" > 
  at <Layout onVnodeUnmounted=fn<onVnodeUnmounted> ref=Ref< Proxy(Object) > > 
  at <RouterView> 
  at <App> @ http://localhost:3000/node_modules/.vite/deps/chunk-R4IPVHRQ.js?v=9ce16c78:2224
[  194431ms] TypeError: Cannot read properties of null (reading 'parentNode')
    at parentNode (http://localhost:3000/node_modules/.vite/deps/chunk-R4IPVHRQ.js?v=9ce16c78:10888:30)
    at ReactiveEffect.componentUpdateFn [as fn] (http://localhost:3000/node_modules/.vite/deps/chunk-R4IPVHRQ.js?v=9ce16c78:8407:11)
    at ReactiveEffect.run (http://localhost:3000/node_modules/.vite/deps/chunk-R4IPVHRQ.js?v=9ce16c78:528:19)
    at ReactiveEffect.runIfDirty (http://localhost:3000/node_modules/.vite/deps/chunk-R4IPVHRQ.js?v=9ce16c78:566:12)
    at callWithErrorHandling (http://localhost:3000/node_modules/.vite/deps/chunk-R4IPVHRQ.js?v=9ce16c78:2372:33)
    at flushJobs (http://localhost:3000/node_modules/.vite/deps/chunk-R4IPVHRQ.js?v=9ce16c78:2580:9)
[  194805ms] [WARNING] [Vue warn]: Unhandled error during execution of component update 
  at <RouterView> 
  at <ElMain class="layout-content" > 
  at <ElContainer class="layout-main" > 
  at <ElContainer class="layout-container" > 
  at <Layout onVnodeUnmounted=fn<onVnodeUnmounted> ref=Ref< Proxy(Object) > > 
  at <RouterView> 
  at <App> @ http://localhost:3000/node_modules/.vite/deps/chunk-R4IPVHRQ.js?v=9ce16c78:2224
[  194814ms] TypeError: Cannot read properties of null (reading 'parentNode')
    at parentNode (http://localhost:3000/node_modules/.vite/deps/chunk-R4IPVHRQ.js?v=9ce16c78:10888:30)
    at ReactiveEffect.componentUpdateFn [as fn] (http://localhost:3000/node_modules/.vite/deps/chunk-R4IPVHRQ.js?v=9ce16c78:8407:11)
    at ReactiveEffect.run (http://localhost:3000/node_modules/.vite/deps/chunk-R4IPVHRQ.js?v=9ce16c78:528:19)
    at ReactiveEffect.runIfDirty (http://localhost:3000/node_modules/.vite/deps/chunk-R4IPVHRQ.js?v=9ce16c78:566:12)
    at callWithErrorHandling (http://localhost:3000/node_modules/.vite/deps/chunk-R4IPVHRQ.js?v=9ce16c78:2372:33)
    at flushJobs (http://localhost:3000/node_modules/.vite/deps/chunk-R4IPVHRQ.js?v=9ce16c78:2580:9)
[  195122ms] [WARNING] [Vue warn]: Unhandled error during execution of component update 
  at <RouterView> 
  at <ElMain class="layout-content" > 
  at <ElContainer class="layout-main" > 
  at <ElContainer class="layout-container" > 
  at <Layout onVnodeUnmounted=fn<onVnodeUnmounted> ref=Ref< Proxy(Object) > > 
  at <RouterView> 
  at <App> @ http://localhost:3000/node_modules/.vite/deps/chunk-R4IPVHRQ.js?v=9ce16c78:2224
[  195131ms] TypeError: Cannot read properties of null (reading 'parentNode')
    at parentNode (http://localhost:3000/node_modules/.vite/deps/chunk-R4IPVHRQ.js?v=9ce16c78:10888:30)
    at ReactiveEffect.componentUpdateFn [as fn] (http://localhost:3000/node_modules/.vite/deps/chunk-R4IPVHRQ.js?v=9ce16c78:8407:11)
    at ReactiveEffect.run (http://localhost:3000/node_modules/.vite/deps/chunk-R4IPVHRQ.js?v=9ce16c78:528:19)
    at ReactiveEffect.runIfDirty (http://localhost:3000/node_modules/.vite/deps/chunk-R4IPVHRQ.js?v=9ce16c78:566:12)
    at callWithErrorHandling (http://localhost:3000/node_modules/.vite/deps/chunk-R4IPVHRQ.js?v=9ce16c78:2372:33)
    at flushJobs (http://localhost:3000/node_modules/.vite/deps/chunk-R4IPVHRQ.js?v=9ce16c78:2580:9)
[  201596ms] [WARNING] [Vue warn]: Unhandled error during execution of component update 
  at <RouterView> 
  at <ElMain class="layout-content" > 
  at <ElContainer class="layout-main" > 
  at <ElContainer class="layout-container" > 
  at <Layout onVnodeUnmounted=fn<onVnodeUnmounted> ref=Ref< Proxy(Object) > > 
  at <RouterView> 
  at <App> @ http://localhost:3000/node_modules/.vite/deps/chunk-R4IPVHRQ.js?v=9ce16c78:2224
[  201602ms] TypeError: Cannot read properties of null (reading 'parentNode')
    at parentNode (http://localhost:3000/node_modules/.vite/deps/chunk-R4IPVHRQ.js?v=9ce16c78:10888:30)
    at ReactiveEffect.componentUpdateFn [as fn] (http://localhost:3000/node_modules/.vite/deps/chunk-R4IPVHRQ.js?v=9ce16c78:8407:11)
    at ReactiveEffect.run (http://localhost:3000/node_modules/.vite/deps/chunk-R4IPVHRQ.js?v=9ce16c78:528:19)
    at ReactiveEffect.runIfDirty (http://localhost:3000/node_modules/.vite/deps/chunk-R4IPVHRQ.js?v=9ce16c78:566:12)
    at callWithErrorHandling (http://localhost:3000/node_modules/.vite/deps/chunk-R4IPVHRQ.js?v=9ce16c78:2372:33)
    at flushJobs (http://localhost:3000/node_modules/.vite/deps/chunk-R4IPVHRQ.js?v=9ce16c78:2580:9)
[  202374ms] TypeError: Cannot set properties of null (setting 'checked')
    at ComputedRefImpl.set [as setter] (http://localhost:3000/node_modules/.vite/deps/element-plus.js?v=9ce16c78:29876:30)
    at set value (http://localhost:3000/node_modules/.vite/deps/chunk-R4IPVHRQ.js?v=9ce16c78:1945:12)
    at createBaseVNode.onUpdate:modelValue._cache.<computed>._cache.<computed> (http://localhost:3000/node_modules/.vite/deps/element-plus.js?v=9ce16c78:29998:107)
    at HTMLInputElement.<anonymous> (http://localhost:3000/node_modules/.vite/deps/chunk-R4IPVHRQ.js?v=9ce16c78:12491:20)
[  202857ms] TypeError: Cannot set properties of null (setting 'checked')
    at ComputedRefImpl.set [as setter] (http://localhost:3000/node_modules/.vite/deps/element-plus.js?v=9ce16c78:29876:30)
    at set value (http://localhost:3000/node_modules/.vite/deps/chunk-R4IPVHRQ.js?v=9ce16c78:1945:12)
    at createBaseVNode.onUpdate:modelValue._cache.<computed>._cache.<computed> (http://localhost:3000/node_modules/.vite/deps/element-plus.js?v=9ce16c78:29998:107)
    at HTMLInputElement.<anonymous> (http://localhost:3000/node_modules/.vite/deps/chunk-R4IPVHRQ.js?v=9ce16c78:12491:20)
[  224957ms] [ERROR] Failed to load resource: the server responded with a status of 500 (Internal Server Error) @ http://localhost:3000/src/components/StatCard.vue?t=1780039222420:0
[  224957ms] [ERROR] [hmr] Failed to reload /src/components/StatCard.vue. This could be due to syntax errors or importing non-existent modules. (see errors above) @ http://localhost:3000/@vite/client:175
[  226596ms] [ERROR] Failed to load resource: the server responded with a status of 500 (Internal Server Error) @ http://localhost:3000/src/components/StatCard.vue?t=1780039224081:0
[  226596ms] [ERROR] [hmr] Failed to reload /src/components/StatCard.vue. This could be due to syntax errors or importing non-existent modules. (see errors above) @ http://localhost:3000/@vite/client:175
